[    0.000000] Linux version 4.15.0-112-generic (buildd@lcy01-amd64-027) (gcc version 7.5.0 (Ubuntu 7.5.0-3ubuntu1~18.04)) #113-Ubuntu SMP Thu Jul 9 23:41:39 UTC 2020 (Ubuntu 4.15.0-112.113-generic 4.15.18)
[    0.000000] Command line: BOOT_IMAGE=/boot/vmlinuz-4.15.0-112-generic root=LABEL=cloudimg-rootfs ro console=tty1 console=ttyS0
[    0.000000] KERNEL supported cpus:
[    0.000000]   Intel GenuineIntel
[    0.000000]   AMD AuthenticAMD
[    0.000000]   Centaur CentaurHauls
[    0.000000] x86/fpu: Supporting XSAVE feature 0x001: 'x87 floating point registers'
[    0.000000] x86/fpu: Supporting XSAVE feature 0x002: 'SSE registers'
[    0.000000] x86/fpu: Supporting XSAVE feature 0x004: 'AVX registers'
[    0.000000] x86/fpu: xstate_offset[2]:  576, xstate_sizes[2]:  256
[    0.000000] x86/fpu: Enabled xstate features 0x7, context size is 832 bytes, using 'standard' format.
[    0.000000] e820: BIOS-provided physical RAM map:
[    0.000000] BIOS-e820: [mem 0x0000000000000000-0x000000000009fbff] usable
[    0.000000] BIOS-e820: [mem 0x000000000009fc00-0x000000000009ffff] reserved
[    0.000000] BIOS-e820: [mem 0x00000000000f0000-0x00000000000fffff] reserved
[    0.000000] BIOS-e820: [mem 0x0000000000100000-0x00000000dffeffff] usable
[    0.000000] BIOS-e820: [mem 0x00000000dfff0000-0x00000000dfffffff] ACPI data
[    0.000000] BIOS-e820: [mem 0x00000000fec00000-0x00000000fec00fff] reserved
[    0.000000] BIOS-e820: [mem 0x00000000fee00000-0x00000000fee00fff] reserved
[    0.000000] BIOS-e820: [mem 0x00000000fffc0000-0x00000000ffffffff] reserved
[    0.000000] BIOS-e820: [mem 0x0000000100000000-0x000000011fffffff] usable
[    0.000000] NX (Execute Disable) protection: active
[    0.000000] SMBIOS 2.5 present.
[    0.000000] DMI: innotek GmbH VirtualBox/VirtualBox, BIOS VirtualBox 12/01/2006
[    0.000000] Hypervisor detected: KVM
[    0.000000] e820: last_pfn = 0x120000 max_arch_pfn = 0x400000000
[    0.000000] MTRR: Disabled
[    0.000000] x86/PAT: MTRRs disabled, skipping PAT initialization too.
[    0.000000] CPU MTRRs all blank - virtualized system.
[    0.000000] x86/PAT: Configuration [0-7]: WB  WT  UC- UC  WB  WT  UC- UC  
[    0.000000] e820: last_pfn = 0xdfff0 max_arch_pfn = 0x400000000
[    0.000000] found SMP MP-table at [mem 0x0009fff0-0x0009ffff]
[    0.000000] Scanning 1 areas for low memory corruption
[    0.000000] RAMDISK: [mem 0x35a69000-0x36d2bfff]
[    0.000000] ACPI: Early table checksum verification disabled
[    0.000000] ACPI: RSDP 0x00000000000E0000 000024 (v02 VBOX  )
[    0.000000] ACPI: XSDT 0x00000000DFFF0030 00003C (v01 VBOX   VBOXXSDT 00000001 ASL  00000061)
[    0.000000] ACPI: FACP 0x00000000DFFF00F0 0000F4 (v04 VBOX   VBOXFACP 00000001 ASL  00000061)
[    0.000000] ACPI: DSDT 0x00000000DFFF0470 002325 (v02 VBOX   VBOXBIOS 00000002 INTL 20100528)
[    0.000000] ACPI: FACS 0x00000000DFFF0200 000040
[    0.000000] ACPI: FACS 0x00000000DFFF0200 000040
[    0.000000] ACPI: APIC 0x00000000DFFF0240 00005C (v02 VBOX   VBOXAPIC 00000001 ASL  00000061)
[    0.000000] ACPI: SSDT 0x00000000DFFF02A0 0001CC (v01 VBOX   VBOXCPUT 00000002 INTL 20100528)
[    0.000000] No NUMA configuration found
[    0.000000] Faking a node at [mem 0x0000000000000000-0x000000011fffffff]
[    0.000000] NODE_DATA(0) allocated [mem 0x11ffd1000-0x11fffbfff]
[    0.000000] kvm-clock: cpu 0, msr 1:1ff50001, primary cpu clock
[    0.000000] kvm-clock: Using msrs 4b564d01 and 4b564d00
[    0.000000] kvm-clock: using sched offset of 3957844400 cycles
[    0.000000] clocksource: kvm-clock: mask: 0xffffffffffffffff max_cycles: 0x1cd42e4dffb, max_idle_ns: 881590591483 ns
[    0.000000] Zone ranges:
[    0.000000]   DMA      [mem 0x0000000000001000-0x0000000000ffffff]
[    0.000000]   DMA32    [mem 0x0000000001000000-0x00000000ffffffff]
[    0.000000]   Normal   [mem 0x0000000100000000-0x000000011fffffff]
[    0.000000]   Device   empty
[    0.000000] Movable zone start for each node
[    0.000000] Early memory node ranges
[    0.000000]   node   0: [mem 0x0000000000001000-0x000000000009efff]
[    0.000000]   node   0: [mem 0x0000000000100000-0x00000000dffeffff]
[    0.000000]   node   0: [mem 0x0000000100000000-0x000000011fffffff]
[    0.000000] Reserved but unavailable: 98 pages
[    0.000000] Initmem setup node 0 [mem 0x0000000000001000-0x000000011fffffff]
[    0.000000] ACPI: PM-Timer IO Port: 0x4008
[    0.000000] IOAPIC[0]: apic_id 2, version 32, address 0xfec00000, GSI 0-23
[    0.000000] ACPI: INT_SRC_OVR (bus 0 bus_irq 0 global_irq 2 dfl dfl)
[    0.000000] ACPI: INT_SRC_OVR (bus 0 bus_irq 9 global_irq 9 low level)
[    0.000000] Using ACPI (MADT) for SMP configuration information
[    0.000000] smpboot: Allowing 2 CPUs, 0 hotplug CPUs
[    0.000000] PM: Registered nosave memory: [mem 0x00000000-0x00000fff]
[    0.000000] PM: Registered nosave memory: [mem 0x0009f000-0x0009ffff]
[    0.000000] PM: Registered nosave memory: [mem 0x000a0000-0x000effff]
[    0.000000] PM: Registered nosave memory: [mem 0x000f0000-0x000fffff]
[    0.000000] PM: Registered nosave memory: [mem 0xdfff0000-0xdfffffff]
[    0.000000] PM: Registered nosave memory: [mem 0xe0000000-0xfebfffff]
[    0.000000] PM: Registered nosave memory: [mem 0xfec00000-0xfec00fff]
[    0.000000] PM: Registered nosave memory: [mem 0xfec01000-0xfedfffff]
[    0.000000] PM: Registered nosave memory: [mem 0xfee00000-0xfee00fff]
[    0.000000] PM: Registered nosave memory: [mem 0xfee01000-0xfffbffff]
[    0.000000] PM: Registered nosave memory: [mem 0xfffc0000-0xffffffff]
[    0.000000] e820: [mem 0xe0000000-0xfebfffff] available for PCI devices
[    0.000000] Booting paravirtualized kernel on KVM
[    0.000000] clocksource: refined-jiffies: mask: 0xffffffff max_cycles: 0xffffffff, max_idle_ns: 7645519600211568 ns
[    0.000000] random: get_random_bytes called from start_kernel+0x99/0x500 with crng_init=0
[    0.000000] setup_percpu: NR_CPUS:8192 nr_cpumask_bits:2 nr_cpu_ids:2 nr_node_ids:1
[    0.000000] percpu: Embedded 45 pages/cpu s147456 r8192 d28672 u1048576
[    0.000000] PV qspinlock hash table entries: 256 (order: 0, 4096 bytes)
[    0.000000] Built 1 zonelists, mobility grouping on.  Total pages: 1032057
[    0.000000] Policy zone: Normal
[    0.000000] Kernel command line: BOOT_IMAGE=/boot/vmlinuz-4.15.0-112-generic root=LABEL=cloudimg-rootfs ro console=tty1 console=ttyS0
[    0.000000] Memory: 4013648K/4193848K available (12300K kernel code, 2481K rwdata, 4272K rodata, 2436K init, 2720K bss, 180200K reserved, 0K cma-reserved)
[    0.000000] SLUB: HWalign=64, Order=0-3, MinObjects=0, CPUs=2, Nodes=1
[    0.000000] Kernel/User page tables isolation: enabled
[    0.000000] ftrace: allocating 39378 entries in 154 pages
[    0.004000] Hierarchical RCU implementation.
[    0.004000] 	RCU restricting CPUs from NR_CPUS=8192 to nr_cpu_ids=2.
[    0.004000] 	Tasks RCU enabled.
[    0.004000] RCU: Adjusting geometry for rcu_fanout_leaf=16, nr_cpu_ids=2
[    0.004000] NR_IRQS: 524544, nr_irqs: 440, preallocated irqs: 16
[    0.004000] Console: colour VGA+ 80x25
[    0.004000] console [tty1] enabled
[    0.004000] console [ttyS0] enabled
[    0.004000] ACPI: Core revision 20170831
[    0.004000] ACPI: 2 ACPI AML tables successfully acquired and loaded
[    0.004000] APIC: Switch to symmetric I/O mode setup
[    0.004000] x2apic enabled
[    0.004000] Switched APIC routing to physical x2apic.
[    0.004000] ..TIMER: vector=0x30 apic1=0 pin1=2 apic2=-1 pin2=-1
[    0.004004] tsc: Detected 2494.226 MHz processor
[    0.005193] Calibrating delay loop (skipped) preset value.. 4988.45 BogoMIPS (lpj=9976904)
[    0.008004] pid_max: default: 32768 minimum: 301
[    0.009098] Security Framework initialized
[    0.009997] Yama: becoming mindful.
[    0.010784] AppArmor: AppArmor initialized
[    0.014637] Dentry cache hash table entries: 524288 (order: 10, 4194304 bytes)
[    0.017270] Inode-cache hash table entries: 262144 (order: 9, 2097152 bytes)
[    0.018879] Mount-cache hash table entries: 8192 (order: 4, 65536 bytes)
[    0.020010] Mountpoint-cache hash table entries: 8192 (order: 4, 65536 bytes)
[    0.022102] Last level iTLB entries: 4KB 1024, 2MB 1024, 4MB 1024
[    0.024038] Last level dTLB entries: 4KB 1024, 2MB 1024, 4MB 1024, 1GB 4
[    0.025662] Spectre V1 : Mitigation: usercopy/swapgs barriers and __user pointer sanitization
[    0.027475] Spectre V2 : Mitigation: Full generic retpoline
[    0.028002] Spectre V2 : Spectre v2 / SpectreRSB mitigation: Filling RSB on context switch
[    0.029813] Speculative Store Bypass: Vulnerable
[    0.030845] SRBDS: Unknown: Dependent on hypervisor status
[    0.032002] MDS: Mitigation: Clear CPU buffers
[    0.033145] Freeing SMP alternatives memory: 36K
[    0.144877] smpboot: CPU0: Intel(R) Core(TM) i7-4870HQ CPU @ 2.50GHz (family: 0x6, model: 0x46, stepping: 0x1)
[    0.147220] Performance Events: unsupported p6 CPU model 70 no PMU driver, software events only.
[    0.148034] Hierarchical SRCU implementation.
[    0.149597] NMI watchdog: Perf event create on CPU 0 failed with -2
[    0.150974] NMI watchdog: Perf NMI watchdog permanently disabled
[    0.152041] smp: Bringing up secondary CPUs ...
[    0.154417] x86: Booting SMP configuration:
[    0.156004] .... node  #0, CPUs:      #1
[    0.004000] kvm-clock: cpu 1, msr 1:1ff50041, secondary cpu clock
[    0.160025] smp: Brought up 1 node, 2 CPUs
[    0.161117] smpboot: Max logical packages: 1
[    0.162208] smpboot: Total of 2 processors activated (9976.90 BogoMIPS)
[    0.164273] devtmpfs: initialized
[    0.164912] x86/mm: Memory block size: 128MB
[    0.166422] evm: security.selinux
[    0.168003] evm: security.SMACK64
[    0.168796] evm: security.SMACK64EXEC
[    0.169599] evm: security.SMACK64TRANSMUTE
[    0.170482] evm: security.SMACK64MMAP
[    0.171288] evm: security.apparmor
[    0.172002] evm: security.ima
[    0.172803] evm: security.capability
[    0.173705] clocksource: jiffies: mask: 0xffffffff max_cycles: 0xffffffff, max_idle_ns: 7645041785100000 ns
[    0.176012] futex hash table entries: 512 (order: 3, 32768 bytes)
[    0.177386] pinctrl core: initialized pinctrl subsystem
[    0.178747] RTC time: 16:32:36, date: 01/28/21
[    0.179912] NET: Registered protocol family 16
[    0.180067] audit: initializing netlink subsys (disabled)
[    0.181323] audit: type=2000 audit(1611851561.597:1): state=initialized audit_enabled=0 res=1
[    0.184011] cpuidle: using governor ladder
[    0.184962] cpuidle: using governor menu
[    0.185861] ACPI: bus type PCI registered
[    0.186790] acpiphp: ACPI Hot Plug PCI Controller Driver version: 0.5
[    0.188124] PCI: Using configuration type 1 for base access
[    0.192053] HugeTLB registered 2.00 MiB page size, pre-allocated 0 pages
[    0.193563] ACPI: Added _OSI(Module Device)
[    0.193563] ACPI: Added _OSI(Processor Device)
[    0.194038] ACPI: Added _OSI(3.0 _SCP Extensions)
[    0.196006] ACPI: Added _OSI(Processor Aggregator Device)
[    0.197170] ACPI: Added _OSI(Linux-Dell-Video)
[    0.198246] ACPI: Added _OSI(Linux-Lenovo-NV-HDMI-Audio)
[    0.200012] ACPI: Added _OSI(Linux-HPI-Hybrid-Graphics)
[    0.201706] ACPI: Executed 1 blocks of module-level executable AML code
[    0.206173] ACPI: Interpreter enabled
[    0.207272] ACPI: (supports S0 S5)
[    0.208000] ACPI: Using IOAPIC for interrupt routing
[    0.208202] PCI: Using host bridge windows from ACPI; if necessary, use "pci=nocrs" and report a bug
[    0.210415] ACPI: Enabled 2 GPEs in block 00 to 07
[    0.220064] ACPI: PCI Root Bridge [PCI0] (domain 0000 [bus 00-ff])
[    0.222043] acpi PNP0A03:00: _OSC: OS supports [ASPM ClockPM Segments MSI]
[    0.223862] acpi PNP0A03:00: _OSC: not requesting OS control; OS requires [ExtendedConfig ASPM ClockPM MSI]
[    0.224014] acpi PNP0A03:00: fail to add MMCONFIG information, can't access extended PCI configuration space under this bridge.
[    0.228553] PCI host bridge to bus 0000:00
[    0.229561] pci_bus 0000:00: root bus resource [io  0x0000-0x0cf7 window]
[    0.232003] pci_bus 0000:00: root bus resource [io  0x0d00-0xffff window]
[    0.233546] pci_bus 0000:00: root bus resource [mem 0x000a0000-0x000bffff window]
[    0.235146] pci_bus 0000:00: root bus resource [mem 0xe0000000-0xfdffffff window]
[    0.236004] pci_bus 0000:00: root bus resource [bus 00-ff]
[    0.241804] pci 0000:00:01.1: legacy IDE quirk: reg 0x10: [io  0x01f0-0x01f7]
[    0.243496] pci 0000:00:01.1: legacy IDE quirk: reg 0x14: [io  0x03f6]
[    0.244003] pci 0000:00:01.1: legacy IDE quirk: reg 0x18: [io  0x0170-0x0177]
[    0.245502] pci 0000:00:01.1: legacy IDE quirk: reg 0x1c: [io  0x0376]
[    0.282027] pci 0000:00:07.0: quirk: [io  0x4000-0x403f] claimed by PIIX4 ACPI
[    0.283682] pci 0000:00:07.0: quirk: [io  0x4100-0x410f] claimed by PIIX4 SMB
[    0.297112] ACPI: PCI Interrupt Link [LNKA] (IRQs 5 9 10 *11)
[    0.298919] ACPI: PCI Interrupt Link [LNKB] (IRQs 5 9 *10 11)
[    0.300173] ACPI: PCI Interrupt Link [LNKC] (IRQs 5 *9 10 11)
[    0.301715] ACPI: PCI Interrupt Link [LNKD] (IRQs 5 9 10 *11)
[    0.303426] SCSI subsystem initialized
[    0.304049] pci 0000:00:02.0: vgaarb: setting as boot VGA device
[    0.305494] pci 0000:00:02.0: vgaarb: VGA device added: decodes=io+mem,owns=io+mem,locks=none
[    0.308005] pci 0000:00:02.0: vgaarb: bridge control possible
[    0.309649] vgaarb: loaded
[    0.310478] ACPI: bus type USB registered
[    0.312058] usbcore: registered new interface driver usbfs
[    0.313429] usbcore: registered new interface driver hub
[    0.314609] usbcore: registered new device driver usb
[    0.316060] EDAC MC: Ver: 3.0.0
[    0.317107] PCI: Using ACPI for IRQ routing
[    0.317460] NetLabel: Initializing
[    0.318264] NetLabel:  domain hash size = 128
[    0.320002] NetLabel:  protocols = UNLABELED CIPSOv4 CALIPSO
[    0.321257] NetLabel:  unlabeled traffic allowed by default
[    0.322481] clocksource: Switched to clocksource kvm-clock
[    0.334549] VFS: Disk quotas dquot_6.6.0
[    0.335554] VFS: Dquot-cache hash table entries: 512 (order 0, 4096 bytes)
[    0.337396] AppArmor: AppArmor Filesystem Enabled
[    0.338632] pnp: PnP ACPI init
[    0.340806] pnp: PnP ACPI: found 3 devices
[    0.351041] clocksource: acpi_pm: mask: 0xffffff max_cycles: 0xffffff, max_idle_ns: 2085701024 ns
[    0.353165] NET: Registered protocol family 2
[    0.354684] TCP established hash table entries: 32768 (order: 6, 262144 bytes)
[    0.356622] TCP bind hash table entries: 32768 (order: 7, 524288 bytes)
[    0.358356] TCP: Hash tables configured (established 32768 bind 32768)
[    0.360117] UDP hash table entries: 2048 (order: 4, 65536 bytes)
[    0.361877] UDP-Lite hash table entries: 2048 (order: 4, 65536 bytes)
[    0.363926] NET: Registered protocol family 1
[    0.365052] pci 0000:00:00.0: Limiting direct PCI/PCI transfers
[    0.366661] pci 0000:00:01.0: Activating ISA DMA hang workarounds
[    0.368661] pci 0000:00:02.0: Video device with shadowed ROM at [mem 0x000c0000-0x000dffff]
[    0.371357] Unpacking initramfs...
[    0.632610] Freeing initrd memory: 19212K
[    0.635330] PCI-DMA: Using software bounce buffering for IO (SWIOTLB)
[    0.636780] software IO TLB: mapped [mem 0xdbff0000-0xdfff0000] (64MB)
[    0.638311] clocksource: tsc: mask: 0xffffffffffffffff max_cycles: 0x23f3eb3743e, max_idle_ns: 440795257847 ns
[    0.640632] platform rtc_cmos: registered platform RTC device (no PNP device found)
[    0.642350] Scanning for low memory corruption every 60 seconds
[    0.644432] Initialise system trusted keyrings
[    0.645403] Key type blacklist registered
[    0.646502] workingset: timestamp_bits=36 max_order=20 bucket_order=0
[    0.650195] zbud: loaded
[    0.651371] squashfs: version 4.0 (2009/01/31) Phillip Lougher
[    0.653048] fuse init (API version 7.26)
[    0.656682] Key type asymmetric registered
[    0.657811] Asymmetric key parser 'x509' registered
[    0.659028] Block layer SCSI generic (bsg) driver version 0.4 loaded (major 246)
[    0.660710] io scheduler noop registered
[    0.661553] io scheduler deadline registered
[    0.662470] io scheduler cfq registered (default)
[    0.664136] ACPI: AC Adapter [AC] (on-line)
[    0.665241] input: Power Button as /devices/LNXSYSTM:00/LNXPWRBN:00/input/input0
[    0.667119] ACPI: Power Button [PWRF]
[    0.668026] input: Sleep Button as /devices/LNXSYSTM:00/LNXSLPBN:00/input/input1
[    0.669809] ACPI: Sleep Button [SLPF]
[    0.672073] ACPI: Battery Slot [BAT0] (battery present)
[    0.672193] Serial: 8250/16550 driver, 32 ports, IRQ sharing enabled
[    0.695527] 00:02: ttyS0 at I/O 0x3f8 (irq = 4, base_baud = 115200) is a 16550A
[    0.698585] Linux agpgart interface v0.103
[    0.701893] loop: module loaded
[    0.703325] scsi host0: ata_piix
[    0.704478] scsi host1: ata_piix
[    0.705361] ata1: PATA max UDMA/33 cmd 0x1f0 ctl 0x3f6 bmdma 0xd000 irq 14
[    0.706831] ata2: PATA max UDMA/33 cmd 0x170 ctl 0x376 bmdma 0xd008 irq 15
[    0.708456] libphy: Fixed MDIO Bus: probed
[    0.709443] tun: Universal TUN/TAP device driver, 1.6
[    0.710748] PPP generic driver version 2.4.2
[    0.712016] ehci_hcd: USB 2.0 'Enhanced' Host Controller (EHCI) Driver
[    0.713473] ehci-pci: EHCI PCI platform driver
[    0.714476] ehci-platform: EHCI generic platform driver
[    0.715668] ohci_hcd: USB 1.1 'Open' Host Controller (OHCI) Driver
[    0.717088] ohci-pci: OHCI PCI platform driver
[    0.718157] ohci-platform: OHCI generic platform driver
[    0.719268] uhci_hcd: USB Universal Host Controller Interface driver
[    0.720669] i8042: PNP: PS/2 Controller [PNP0303:PS2K,PNP0f03:PS2M] at 0x60,0x64 irq 1,12
[    0.723144] serio: i8042 KBD port at 0x60,0x64 irq 1
[    0.724489] serio: i8042 AUX port at 0x60,0x64 irq 12
[    0.725777] mousedev: PS/2 mouse device common for all mice
[    0.727235] input: AT Translated Set 2 keyboard as /devices/platform/i8042/serio0/input/input2
[    0.729929] rtc_cmos rtc_cmos: rtc core: registered rtc_cmos as rtc0
[    0.731333] rtc_cmos rtc_cmos: alarms up to one day, 114 bytes nvram
[    0.733047] i2c /dev entries driver
[    0.733947] device-mapper: uevent: version 1.0.3
[    0.735014] device-mapper: ioctl: 4.37.0-ioctl (2017-09-20) initialised: dm-devel@redhat.com
[    0.736973] ledtrig-cpu: registered to indicate activity on CPUs
[    0.739068] NET: Registered protocol family 10
[    0.743684] Segment Routing with IPv6
[    0.744718] NET: Registered protocol family 17
[    0.745927] Key type dns_resolver registered
[    0.747103] mce: Using 0 MCE banks
[    0.747876] RAS: Correctable Errors collector initialized.
[    0.749337] sched_clock: Marking stable (749313428, 0)->(1014276568, -264963140)
[    0.751720] registered taskstats version 1
[    0.752709] Loading compiled-in X.509 certificates
[    0.756186] Loaded X.509 cert 'Build time autogenerated kernel key: 1d4b83cbc5f7a3cd7e4471a5cf69d65d9314bdf5'
[    0.758589] zswap: loaded using pool lzo/zbud
[    0.762844] Key type big_key registered
[    0.763798] Key type trusted registered
[    0.771175] Key type encrypted registered
[    0.772611] AppArmor: AppArmor sha1 policy hashing enabled
[    0.773912] ima: No TPM chip found, activating TPM-bypass! (rc=-19)
[    0.775350] ima: Allocated hash algorithm: sha1
[    0.776546] evm: HMAC attrs: 0x1
[    0.777567]   Magic number: 5:249:541
[    0.778720] rtc_cmos rtc_cmos: setting system clock to 2021-01-28 16:32:37 UTC (1611851557)
[    0.781853] BIOS EDD facility v0.16 2004-Jun-25, 0 devices found
[    0.783376] EDD information not available.
[    1.165318] Freeing unused kernel image memory: 2436K
[    1.180511] Write protecting the kernel read-only data: 20480k
[    1.194859] Freeing unused kernel image memory: 2008K
[    1.227417] Freeing unused kernel image memory: 1872K
[    1.234265] x86/mm: Checked W+X mappings: passed, no W+X pages found.
[    1.235702] x86/mm: Checking user space page tables
[    1.241813] x86/mm: Checked W+X mappings: passed, no W+X pages found.
Loading, please wait...
starting version 237
[    1.309200] e1000: Intel(R) PRO/1000 Network Driver - version 7.3.21-k8-NAPI
[    1.310925] e1000: Copyright (c) 1999-2006 Intel Corporation.
[    1.321869] Fusion MPT base driver 3.04.20
[    1.322920] Copyright (c) 1999-2008 LSI Corporation
[    1.331446] Fusion MPT SPI Host driver 3.04.20
[    1.336211] AVX2 version of gcm_enc/dec engaged.
[    1.337391] AES CTR mode by8 optimization enabled
[    1.558879] input: ImExPS/2 Generic Explorer Mouse as /devices/platform/i8042/serio1/input/input4
[    1.741272] e1000 0000:00:03.0 eth0: (PCI:33MHz:32-bit) 02:8a:e8:1b:bb:fd
[    1.743097] e1000 0000:00:03.0 eth0: Intel(R) PRO/1000 Network Connection
[    1.745789] mptbase: ioc0: Initiating bringup
[    1.746670] e1000 0000:00:03.0 enp0s3: renamed from eth0
[    1.845065] ioc0: LSI53C1030 A0: Capabilities={Initiator}
[    2.089321] scsi host2: ioc0: LSI53C1030 A0, FwRev=00000000h, Ports=1, MaxQ=256, IRQ=20
[    2.256953] scsi 2:0:0:0: Direct-Access     VBOX     HARDDISK         1.0  PQ: 0 ANSI: 5
[    3.579636] scsi target2:0:0: Beginning Domain Validation
[    3.584081] scsi target2:0:0: Domain Validation skipping write tests
[    3.585782] scsi target2:0:0: Ending Domain Validation
[    3.587072] scsi target2:0:0: asynchronous
[    3.588754] scsi 2:0:1:0: Direct-Access     VBOX     HARDDISK         1.0  PQ: 0 ANSI: 5
[    3.778498] scsi target2:0:1: Beginning Domain Validation
[    3.780659] random: fast init done
[    3.781992] scsi target2:0:1: Domain Validation skipping write tests
[    3.784035] scsi target2:0:1: Ending Domain Validation
[    3.785688] scsi target2:0:1: asynchronous
[    3.792931] random: systemd-udevd: uninitialized urandom read (16 bytes read)
[    3.795160] random: systemd-udevd: uninitialized urandom read (16 bytes read)
[    3.796806] random: systemd-udevd: uninitialized urandom read (16 bytes read)
[    3.798963] sd 2:0:0:0: [sda] 41943040 512-byte logical blocks: (21.5 GB/20.0 GiB)
[    3.801229] sd 2:0:0:0: [sda] Write Protect is off
[    3.802584] sd 2:0:0:0: [sda] Incomplete mode parameter data
[    3.804020] sd 2:0:0:0: [sda] Assuming drive cache: write through
[    3.806249] sd 2:0:0:0: Attached scsi generic sg0 type 0
[    3.810271] sd 2:0:1:0: [sdb] 20480 512-byte logical blocks: (10.5 MB/10.0 MiB)
[    3.812127] sd 2:0:1:0: Attached scsi generic sg1 type 0
[    3.812491] sd 2:0:1:0: [sdb] Write Protect is off
[    3.815652]  sda: sda1
[    3.815807] sd 2:0:1:0: [sdb] Incomplete mode parameter data
[    3.818256] sd 2:0:1:0: [sdb] Assuming drive cache: write through
[    3.820934] sd 2:0:0:0: [sda] Attached SCSI disk
[    3.824081] sd 2:0:1:0: [sdb] Attached SCSI disk
Begin: Loading essential drivers ... [    5.252112] raid6: sse2x1   gen() 11289 MB/s
[    5.300216] raid6: sse2x1   xor()  8088 MB/s
[    5.348136] raid6: sse2x2   gen() 13587 MB/s
[    5.396054] raid6: sse2x2   xor()  8296 MB/s
[    5.444228] raid6: sse2x4   gen() 15189 MB/s
[    5.492576] raid6: sse2x4   xor()  9655 MB/s
[    5.540058] raid6: avx2x1   gen() 22493 MB/s
[    5.600264] raid6: avx2x1   xor() 14805 MB/s
[    5.648160] raid6: avx2x2   gen() 25901 MB/s
[    5.696154] raid6: avx2x2   xor() 15222 MB/s
[    5.744238] raid6: avx2x4   gen() 29141 MB/s
[    5.792077] raid6: avx2x4   xor() 17636 MB/s
[    5.793091] raid6: using algorithm avx2x4 gen() 29141 MB/s
[    5.794246] raid6: .... xor() 17636 MB/s, rmw enabled
[    5.795413] raid6: using avx2x2 recovery algorithm
[    5.797946] xor: automatically using best checksumming function   avx       
[    5.801040] async_tx: api initialized (async)
done.
Begin: Running /scripts/init-premount ... done.
Begin: Mounting root file system ... Begin: Running /scripts/local-top ... done.
Begin: Running /scripts/local-premount ... [    5.843029] Btrfs loaded, crc32c=crc32c-intel
Scanning for Btrfs filesystems
done.
Warning: fsck not present, so skipping root file system
[    5.867896] EXT4-fs (sda1): mounted filesystem with ordered data mode. Opts: (null)
done.
Begin: Running /scripts/local-bottom ... done.
Begin: Running /scripts/init-bottom ... done.
[    5.981834] ip_tables: (C) 2000-2006 Netfilter Core Team
[    5.989963] systemd[1]: systemd 237 running in system mode. (+PAM +AUDIT +SELINUX +IMA +APPARMOR +SMACK +SYSVINIT +UTMP +LIBCRYPTSETUP +GCRYPT +GNUTLS +ACL +XZ +LZ4 +SECCOMP +BLKID +ELFUTILS +KMOD -IDN2 +IDN -PCRE2 default-hierarchy=hybrid)
[    5.994658] systemd[1]: Detected virtualization oracle.
[    5.995862] systemd[1]: Detected architecture x86-64.

Welcome to [1mUbuntu 18.04.5 LTS[0m!

[    6.002549] systemd[1]: Set hostname to <ubuntu>.
[    6.006613] systemd[1]: Initializing machine ID from random generator.
[    6.008844] systemd[1]: Installed transient /etc/machine-id file.
[    6.223759] systemd[1]: Reached target User and Group Name Lookups.
[[0;32m  OK  [0m] Reached target User and Group Name Lookups.
[    6.226455] systemd[1]: Reached target Swap.
[[0;32m  OK  [0m] Reached target Swap.
[    6.228338] systemd[1]: Set up automount Arbitrary Executable File Formats File System Automount Point.
[[0;32m  OK  [0m] Set up automount Arbitrary Executabâ€¦rmats File System Automount Point.
[    6.268487] systemd[1]: Started Forward Password Requests to Wall Directory Watch.
[[0;32m  OK  [0m] Started Forward Password Requests to Wall Directory Watch.
[[0;32m  OK  [0m] Created slice User and Session Slice.
[[0;32m  OK  [0m] Reached target System Time Synchronized.
[[0;32m  OK  [0m] Created slice System Slice.
[[0;32m  OK  [0m] Listening on LVM2 poll daemon socket.
[[0;32m  OK  [0m] Reached target Slices.
[[0;32m  OK  [0m] Listening on /dev/initctl Compatibility Named Pipe.
[[0;32m  OK  [0m] Listening on udev Kernel Socket.
[[0;32m  OK  [0m] Listening on Device-mapper event daemon FIFOs.
[[0;32m  OK  [0m] Listening on Journal Audit Socket.
[[0;32m  OK  [0m] Listening on udev Control Socket.
[[0;32m  OK  [0m] Created slice system-serial\x2dgetty.slice.
[[0;32m  OK  [0m] Listening on Syslog Socket.
[[0;32m  OK  [0m] Listening on Network Service Netlink Socket.
[[0;32m  OK  [0m] Listening on LVM2 metadata daemon socket.
[[0;32m  OK  [0m] Listening on Journal Socket.
         Starting Set the console keyboard layout...
         Starting Monitoring of LVM2 mirrorsâ€¦ng dmeventd or progress polling...
         Mounting POSIX Message Queue File System...
         Starting Remount Root and Kernel File Systems...
         Mounting Huge Pages File System...
         Starting Load Kernel Modules...
         Starting Create list of required stâ€¦ce nodes for the current kernel...
         Starting Uncomplicated firewall...
         Starting udev Coldplug all Devices...
[[0;32m  OK  [0m] Listening on Journal Socket (/dev/log).
         Starting Journal Service...
         Mounting Kernel Debug File System...
[[0;32m  OK  [0m] Started LVM2 metadata daemon.
[[0;32m  OK  [0m] Mounted POSIX Message Queue File System.
[[0;32m  OK  [0m] Mounted Huge Pages File System.
[[0;32m  OK  [0m] Mounted Kernel Debug File System.
[    7.368891] Loading iSCSI transport class v2.0-870.
[    7.374740] iscsi: registered transport (tcp)
[    7.389205] iscsi: registered transport (iser)
[[0;32m  OK  [0m] Started Load Kernel Modules.
[[0;32m  OK  [0m] Started Create list of required staâ€¦vice nodes for the current kernel.
[[0;32m  OK  [0m] Started Uncomplicated firewall.
         Starting Create Static Device Nodes in /dev...
         Mounting FUSE Control File System...
[    7.407829] EXT4-fs (sda1): re-mounted. Opts: (null)
         Mounting Kernel Configuration File System...
         Starting Apply Kernel Variables...
[[0;32m  OK  [0m] Started Remount Root and Kernel File Systems.
[[0;32m  OK  [0m] Mounted FUSE Control File System.
[[0;32m  OK  [0m] Mounted Kernel Configuration File System.
         Starting Load/Save Random Seed...
[[0;32m  OK  [0m] Started Journal Service.
[[0;32m  OK  [0m] Started Monitoring of LVM2 mirrors,â€¦sing dmeventd or progress polling.
[[0;32m  OK  [0m] Started Create Static Device Nodes in /dev.
[[0;32m  OK  [0m] Started udev Coldplug all Devices.
[[0;32m  OK  [0m] Started Load/Save Random Seed.
         Starting udev Kernel Device Manager...
         Starting Flush Journal to Persistent Storage...
[[0;32m  OK  [0m] Started Apply Kernel Variables.
[[0;32m  OK  [0m] Started udev Kernel Device Manager.
[[0;32m  OK  [0m] Started Set the console keyboard layout.
[[0;32m  OK  [0m] Started Dispatch Password Requests to Console Directory Watch.
[[0;32m  OK  [0m] Reached target Local Encrypted Volumes.
[[0;32m  OK  [0m] Reached target Local File Systems (Pre).
[[0;32m  OK  [0m] Reached target Local File Systems.
         Starting Set console font and keymap...
         Starting AppArmor initialization...
         Starting ebtables ruleset management...
         Starting Tell Plymouth To Write Out Runtime Data...
         Starting Commit a transient machine-id on disk...
[[0;32m  OK  [0m] Started Flush Journal to Persistent Storage.
[[0;32m  OK  [0m] Started Set console font and keymap.
         Starting Create Volatile Files and Directories...
[[0;32m  OK  [0m] Started Tell Plymouth To Write Out Runtime Data.
[[0;32m  OK  [0m] Started Create Volatile Files and Directories.
         Starting Update UTMP about System Boot/Shutdown...
[[0;32m  OK  [0m] Started Update UTMP about System Boot/Shutdown.
[[0;32m  OK  [0m] Started ebtables ruleset management.
[[0;32m  OK  [0m] Started Commit a transient machine-id on disk.
[[0;32m  OK  [0m] Found device /dev/ttyS0.
[[0;32m  OK  [0m] Listening on Load/Save RF Kill Switch Status /dev/rfkill Watch.
[[0;32m  OK  [0m] Started AppArmor initialization.
         Starting Load AppArmor profiles managed internally by snapd...
         Starting Initial cloud-init job (pre-networking)...
[[0;32m  OK  [0m] Started Load AppArmor profiles managed internally by snapd.
[    9.313945] cloud-init[571]: Cloud-init v. 20.2-45-g5f7825e2-0ubuntu1~18.04.1 running 'init-local' at Thu, 28 Jan 2021 16:32:45 +0000. Up 9.00 seconds.
[[0;32m  OK  [0m] Started Initial cloud-init job (pre-networking).
[[0;32m  OK  [0m] Reached target Network (Pre).
         Starting Network Service...
[[0;32m  OK  [0m] Started Network Service.
         Starting Wait for Network to be Configured...
         Starting Network Name Resolution...
[[0;32m  OK  [0m] Started Network Name Resolution.
[[0;32m  OK  [0m] Reached target Host and Network Name Lookups.
[[0;32m  OK  [0m] Reached target Network.
[[0;32m  OK  [0m] Started Wait for Network to be Configured.
         Starting Initial cloud-init job (metadata service crawler)...
[   11.697609] cloud-init[680]: Cloud-init v. 20.2-45-g5f7825e2-0ubuntu1~18.04.1 running 'init' at Thu, 28 Jan 2021 16:32:48 +0000. Up 11.53 seconds.
[   11.702213] cloud-init[680]: ci-info: ++++++++++++++++++++++++++++++++++++++Net device info++++++++++++++++++++++++++++++++++++++
[   11.706009] cloud-init[680]: ci-info: +--------+------+----------------------------+---------------+--------+-------------------+
[   11.710714] cloud-init[680]: ci-info: | Device |  Up  |          Address           |      Mask     | Scope  |     Hw-Address    |
[   11.713220] cloud-init[680]: ci-info: +--------+------+----------------------------+---------------+--------+-------------------+
[   11.715470] cloud-init[680]: ci-info: | enp0s3 | True |         10.0.2.15          | 255.255.255.0 | global | 02:8a:e8:1b:bb:fd |
[   11.718405] cloud-init[680]: ci-info: | enp0s3 | True | fe80::8a:e8ff:fe1b:bbfd/64 |       .       |  link  | 02:8a:e8:1b:bb:fd |
[   11.722009] cloud-init[680]: ci-info: |   lo   | True |         127.0.0.1          |   255.0.0.0   |  host  |         .         |
[   11.726261] cloud-init[680]: ci-info: |   lo   | True |          ::1/128           |       .       |  host  |         .         |
[   11.730132] cloud-init[680]: ci-info: +--------+------+----------------------------+---------------+--------+-------------------+
[   11.732775] cloud-init[680]: ci-info: ++++++++++++++++++++++++++++Route IPv4 info+++++++++++++++++++++++++++++
[   11.735434] cloud-init[680]: ci-info: +-------+-------------+----------+-----------------+-----------+-------+
[   11.738655] cloud-init[680]: ci-info: | Route | Destination | Gateway  |     Genmask     | Interface | Flags |
[   11.752221] cloud-init[680]: ci-info: +-------+-------------+----------+-----------------+-----------+-------+
[   11.754220] cloud-init[680]: ci-info: |   0   |   0.0.0.0   | 10.0.2.2 |     0.0.0.0     |   enp0s3  |   UG  |
[   11.757256] cloud-init[680]: ci-info: |   1   |   10.0.2.0  | 0.0.0.0  |  255.255.255.0  |   enp0s3  |   U   |
[   11.762914] cloud-init[680]: ci-info: |   2   |   10.0.2.2  | 0.0.0.0  | 255.255.255.255 |   enp0s3  |   UH  |
[   11.764938] cloud-init[680]: ci-info: +-------+-------------+----------+-----------------+-----------+-------+
[   11.766686] cloud-init[680]: ci-info: +++++++++++++++++++Route IPv6 info+++++++++++++++++++
[   11.771177] cloud-init[680]: ci-info: +-------+-------------+---------+-----------+-------+
[   11.773931] cloud-init[680]: ci-info: | Route | Destination | Gateway | Interface | Flags |
[   11.776147] cloud-init[680]: ci-info: +-------+-------------+---------+-----------+-------+
[   11.780297] cloud-init[680]: ci-info: |   1   |  fe80::/64  |    ::   |   enp0s3  |   U   |
[   11.792253] cloud-init[680]: ci-info: |   3   |    local    |    ::   |   enp0s3  |   U   |
[   11.794100] cloud-init[680]: ci-info: |   4   |   ff00::/8  |    ::   |   enp0s3  |   U   |
[   11.797547] cloud-init[680]: ci-info: +-------+-------------+---------+-----------+-------+
[   12.683948] cloud-init[680]: Generating public/private rsa key pair.
[   12.685089] cloud-init[680]: Your identification has been saved in /etc/ssh/ssh_host_rsa_key.
[   12.696301] cloud-init[680]: Your public key has been saved in /etc/ssh/ssh_host_rsa_key.pub.
[   12.699040] cloud-init[680]: The key fingerprint is:
[   12.699842] cloud-init[680]: SHA256:cM7EvbHJGu0U7zavbk2hQuRB5K9Gvtt7uchJ1ez7ho4 root@ubuntu-bionic
[   12.701109] cloud-init[680]: The key's randomart image is:
[   12.702224] cloud-init[680]: +---[RSA 2048]----+
[   12.712415] cloud-init[680]: |         oo      |
[   12.713524] cloud-init[680]: |       . oo      |
[   12.714617] cloud-init[680]: |      . +o=.     |
[   12.715681] cloud-init[680]: |       * ooO  .o |
[   12.716717] cloud-init[680]: |        S.O o...o|
[   12.717574] cloud-init[680]: |         B.o.... |
[   12.728253] cloud-init[680]: |        . =.=o o.|
[   12.729497] cloud-init[[0;32m  OK  [0m] Started Initial cloud-init job (metadata service crawler).
[[0;32m  OK  [0m] Reached target Cloud-config availability.
[[0;32m  OK  [0m] Reached target System Initialization.
[680]: |         . *.*= o|[
[0;32m  OK  [0m] Started Discard unused blocks once a week.
[   12.736715] [[0;32m  OK  [0m] Listening on ACPID Listen Socket.
[[0;32m  OK  [0m] Started Daily apt download activities.
[[0;32m  OK  [0m] Listening on D-Bus System Message Bus Socket.
[[0;32m  OK  [0m] Started Daily apt upgrade and clean activities.
[[0;32m  OK  [0m] Started Daily Cleanup of Temporary Directories.
         Starting Socket activation for snappy daemon.
[[0;32m  OK  [0m] Started ACPI Events Check.
[[0;32m  OK  [0m] Reached target Paths.
cloud-init         Starting LXD - unix socket.
[[0;32m  OK  [0m] Listening on Open-iSCSI iscsid Socket.
[[0;32m  OK  [0m] Listening on UUID daemon activation socket.
[[0;32m  OK  [0m] Started Message of the Day.
[[0;32m  OK  [0m] Reached target Timers.
[[680]: |          o+E=++o|
[   12.760373] cloud-init[680]: +----[SHA256]-----+
[   12.761421] cloud-init[680]: Generating public/private dsa key pair.
[   12.761556] cloud-init[680]: Your identification has been saved in /etc/ssh/ssh_host_dsa_key.
[   12.762055] cloud-init[680]: Your public key has been saved in /etc/ssh/ssh_host_dsa_key.pub.
[   12.762124] cloud-init[680]: The key fingerprint is:
[   12.762183] cloud-init[680]: SHA256:VCwWjEvs594V0dT+t1cxIFJ/GozKX5kyp+g28kO8ays root@ubuntu-bionic
[   12.762246] cloud-init[680]: The key's randomart image is:
[   12.762305] cloud-init[680]: +---[DSA 1024]----+
[   12.762369] cloud-init[680]: |     . o.oo. o.. |
[   12.762425] cloud-init[680]: |      + +o..=.. .|
[   12.762486] cloud-init[680]: |     o o.....=.o |
[   12.762551] cloud-init[680]: |      o.o . . *o.|
[   12.762615] cloud-init[680]: |       oSo o B  +|
[   12.762673] cloud-init[680]: |        .oo B   +|
[   12.762735] cloud-init[680]: |       ..o.+    +|
[   12.762799] cloud-init[680]: |       Eo*.    ..|
[   12.762864] cloud-init[680]: |        *==     .|
[   12.762927] cloud-init[680]: +----[SHA256]-----+
[   12.763112] cloud-init[680]: Generating public/private ecdsa key pair.
[   12.763177] cloud-init[680]: Your identification has been saved in /etc/ssh/ssh_host_ecdsa_key.
[   12.763237] cloud-init[680]: Your public key has been saved in /etc/ssh/ssh_host_ecdsa_key.pub.
[   12.763292] cloud-init[680]: The key fingerprint is:
[   12.763346] cloud-init[680]: SHA256:I7Uc9NwD0xcGyOknHBGn1BhRJPa2RbipwJkghBhlXTA root@ubuntu-bionic
[   12.763412] cloud-init[680]: The key's randomart image is:
[   12.763472] cloud-init[680]: +---[ECDSA 256]---+
[   12.763531] cloud-init[680]: |.+o+Eo. ..@&=o+. |
[   12.763583] cloud-init[680]: |... o... =*O+o.  |
[   12.763638] cloud-init[680]: |     . oo=+.=+.  |
[   12.763705] cloud-init[680]: |       o=o+.++   |
[   12.763772] cloud-init[680]: |      . S. +.    |
[   12.763831] cloud-init[680]: |       . ..      |
[   12.763892] cloud-init[680]: |                 |
[   12.763947] cloud-init[680]: |                 |
[0;32m  OK  [0m] Reached target Network is Online.
[   12.764005] cloud-init[680]: |                 |[[0;32m  OK  [0m] Reached target Remote File Systems (Pre).
[[0;32m  OK  [0m] Reached target Remote File Systems.

         Starting Availability of block devices...
[[0;32m  OK  [0m] Listening on Socket activation for snappy daemon.
[[0;32m  OK  [0m] Listening on LXD - unix socket.
[[0;32m  OK  [0m] Started Availability of block devices.
[[0;32m  OK  [0m] Reached target Sockets.
[   12.841976] cloud-init[680]: +----[SHA256]-----+[[0;32m  OK  [0m
] [   12.854029] cloud-init[680]: Generating public/private ed25519 key pair.
[   12.854304] cloud-init[680]: Your identification has been saved in /etc/ssh/ssh_host_ed25519_key.
[   12.862654] cloud-init[680]: Your public key has been saved in /etc/ssh/ssh_host_ed25519_key.pub.
[   12.862960] cloud-init[680]: The key fingerprint is:
[   12.867279] cloud-init[680]: SHA256:LcMSeH6OXVM82HWNYkwNY/38NtxzCpdVHwMVOYnxl3s root@ubuntu-bionic
[   12.869228] cloud-init[680]: The key's randomart image is:
[   12.869513] cloud-init[680]: +--[ED25519 256]--+
[   12.869736] cloud-init[680]: |           o=**+*|
[   12.872390] cloud-init[680]: |     .     =++=B+|
[   12.878398] cloud-init[680]: |    . o   ..=. =B|
[   12.878487] cloud-init[680]: |     o o . . .  B|
[   12.878530] cloud-init[680]: |      o S +   .+E|
[   12.878577] cloud-init[680]: |       * + .. o+*|
[   12.878617] cloud-init[680]: |      . o    o o+|
Reached target Basic System.[   12.887167] cloud-init[680]: |              .  |
[   12.888085] cloud-init[680]: |                 |
[   12.889829] cloud-init[680]: +----[SHA256]-----+

[[0;32m  OK  [0m] Started FUSE filesystem for LXC.
         Starting LXD - container startup/shutdown...
[[0;32m  OK  [0m] Started irqbalance daemon.
         Starting LSB: automatic crash report generation...
         Starting Dispatcher daemon for systemd-networkd...
         Starting Accounts Service...
         Starting System Logging Service...
         Starting Pollinate to seed the pseudo random number generator...
         Starting Permit User Sessions...
         Starting Login Service...
[[0;32m  OK  [0m] Started Deferred execution scheduler.
[[0;32m  OK  [0m] Started D-Bus System Message Bus.
[[0;32m  OK  [0m] Started Regular background program processing daemon.
         Starting Virtualbox guest utils...
         Starting LSB: Record successful boot for GRUB...
         Starting Snap Daemon...
[[0;32m  OK  [0m] Started System Logging Service.
[[0;32m  OK  [0m] Started LXD - container startup/shutdown.
[[0;32m  OK  [0m] Started Permit User Sessions.
[[0;32m  OK  [0m] Started Login Service.
[[0;32m  OK  [0m] Started Unattended Upgrades Shutdown.
         Starting Hold until boot process finishes up...
         Starting Terminate Plymouth Boot Screen...
[[0;32m  OK  [0m] Started Hold until boot process finishes up.
[[0;32m  OK  [0m] Started Serial Getty on ttyS0.
         Starting Set console scheme...
[[0;32m  OK  [0m] Started Terminate Plymouth Boot Screen.
[[0;32m  OK  [0m] Started Set console scheme.
[[0;32m  OK  [0m] Created slice system-getty.slice.
[[0;32m  OK  [0m] Started Getty on tty1.
[[0;32m  OK  [0m] Reached target Login Prompts.
         Starting Authorization Manager...
[[0;32m  OK  [0m] Started LSB: automatic crash report generation.
[[0;32m  OK  [0m] Started Dispatcher daemon for systemd-networkd.
[[0;32m  OK  [0m] Started LSB: Record successful boot for GRUB.
[[0;32m  OK  [0m] Started Authorization Manager.
[[0;32m  OK  [0m] Started Accounts Service.
[[0;32m  OK  [0m] Started Virtualbox guest utils.
[[0;32m  OK  [0m] Started Snap Daemon.
         Starting Wait until snapd is fully seeded...
[[0;32m  OK  [0m] Started Pollinate to seed the pseudo random number generator.
         Starting OpenBSD Secure Shell server...
[[0;32m  OK  [0m] Started OpenBSD Secure Shell server.
[[0;32m  OK  [0m] Created slice User Slice of vagrant.
         Starting User Manager for UID 1000...
[[0;32m  OK  [0m] Started Session 1 of user vagrant.
[[0;32m  OK  [0m] Started User Manager for UID 1000.
[[0;32m  OK  [0m] Started Wait until snapd is fully seeded.
[[0;32m  OK  [0m] Reached target Multi-User System.
[[0;32m  OK  [0m] Reached target Graphical Interface.
         Starting Update UTMP about System Runlevel Changes...
         Starting Apply the settings specified in cloud-config...
[[0;32m  OK  [0m] Started Update UTMP about System Runlevel Changes.
[   17.166160] cloud-init[1348]: Cloud-init v. 20.2-45-g5f7825e2-0ubuntu1~18.04.1 running 'modules:config' at Thu, 28 Jan 2021 16:32:53 +0000. Up 16.78 seconds.
[[0;32m  OK  [0m] Started Apply the settings specified in cloud-config.
         Starting Execute cloud user/final scripts...
         Stopping User Manager for UID 1000...
[[0;32m  OK  [0m] Stopped User Manager for UID 1000.
[[0;32m  OK  [0m] Removed slice User Slice of vagrant.
[[0;32m  OK  [0m] Created slice User Slice of vagrant.
         Starting User Manager for UID 1000...
[[0;32m  OK  [0m] Started Session 3 of user vagrant.
[[0;32m  OK  [0m] Started User Manager for UID 1000.
ci-info: no authorized SSH keys fingerprints found for user ubuntu.
<14>Jan 28 16:32:54 ec2: 
<14>Jan 28 16:32:54 ec2: #############################################################
<14>Jan 28 16:32:54 ec2: -----BEGIN SSH HOST KEY FINGERPRINTS-----
<14>Jan 28 16:32:54 ec2: 1024 SHA256:VCwWjEvs594V0dT+t1cxIFJ/GozKX5kyp+g28kO8ays root@ubuntu-bionic (DSA)
<14>Jan 28 16:32:54 ec2: 256 SHA256:I7Uc9NwD0xcGyOknHBGn1BhRJPa2RbipwJkghBhlXTA root@ubuntu-bionic (ECDSA)
<14>Jan 28 16:32:54 ec2: 256 SHA256:LcMSeH6OXVM82HWNYkwNY/38NtxzCpdVHwMVOYnxl3s root@ubuntu-bionic (ED25519)
<14>Jan 28 16:32:54 ec2: 2048 SHA256:cM7EvbHJGu0U7zavbk2hQuRB5K9Gvtt7uchJ1ez7ho4 root@ubuntu-bionic (RSA)
<14>Jan 28 16:32:54 ec2: -----END SSH HOST KEY FINGERPRINTS-----
<14>Jan 28 16:32:54 ec2: #############################################################
-----BEGIN SSH HOST KEY KEYS-----
ecdsa-sha2-nistp256 AAAAE2VjZHNhLXNoYTItbmlzdHAyNTYAAAAIbmlzdHAyNTYAAABBBKOoq4QqyBN73b1XVRhQFhXtBXiBl6kOuKTk5O7lAAl2bWfPpwFOTcFl/bUNg/iLdOO+FimYy9HKRJHqLkz35TQ= root@ubuntu-bionic
ssh-ed25519 AAAAC3NzaC1lZDI1NTE5AAAAILcAKBkhPPlJ6kfe1ovwdSx00/+4bDpI9MK6qv/WsI+j root@ubuntu-bionic
ssh-rsa AAAAB3NzaC1yc2EAAAADAQABAAABAQDgpO3Hr0uodW0fQ9+PHp2JjEvXr2qamDrNNCphqLiwrLhbwCDVHzVuVGMMfoCCnpXx+lZN24BPlVhuN2Rx0ZcVYiijpOuV4LA9YVYJBFuwkmkoCHdEs8+0IBhhaWTnbsRZsgTaKjGPlMMKv8ZqEkpCcIyb6qePKju1vsv7iJNzrhefhddLpbaGOOnpmnWaVlZ2gZ3sKnnN6hXAH0mcdBhWAJh0aLDdjY+d+mvPi0IjjN2GP1AHIfQ93kOckuY3wpTOH75yi8kVA8yEyd7KJVsHQwRAPnlGef9Wm9kno7Moxa4e3cH83fGLbYMG56GdH6xE/mrGq8t6/5ezgSbGa6nF root@ubuntu-bionic
-----END SSH HOST KEY KEYS-----
[   17.889628] cloud-init[1502]: Cloud-init v. 20.2-45-g5f7825e2-0ubuntu1~18.04.1 running 'modules:final' at Thu, 28 Jan 2021 16:32:54 +0000. Up 17.72 seconds.
[   17.892092] cloud-init[1502]: ci-info: no authorized SSH keys fingerprints found for user ubuntu.
[   17.893909] cloud-init[1502]: Cloud-init v. 20.2-45-g5f7825e2-0ubuntu1~18.04.1 finished at Thu, 28 Jan 2021 16:32:54 +0000. Datasource DataSourceNoCloud [seed=/dev/sdb][dsmode=net].  Up 17.88 seconds
[[0;32m  OK  [0m] Started Execute cloud user/final scripts.
[[0;32m  OK  [0m] Reached target Cloud-init target.

Ubuntu 18.04.5 LTS ubuntu-bionic ttyS0

ubuntu-bionic login: [[0;32m  OK  [0m] Stopped target Graphical Interface.
         Stopping Accounts Service...
[[0;32m  OK  [0m] Stopped target Host and Network Name Lookups.
         Stopping Authorization Manager...
         Stopping Session 9 of user vagrant.
[[0;32m  OK  [0m] Stopped target Timers.
[[0;32m  OK  [0m] Stopped Discard unused blocks once a week.
[[0;32m  OK  [0m] Stopped Message of the Day.
[[0;32m  OK  [0m] Stopped Daily Cleanup of Temporary Directories.
         Stopping User Manager for UID 1000...
[[0;32m  OK  [0m] Stopped Daily apt upgrade and clean activities.
[[0;32m  OK  [0m] Stopped Daily apt download activities.
[[0;32m  OK  [0m] Stopped target System Time Synchronized.
[[0;32m  OK  [0m] Stopped target Cloud-init target.
         Stopping Availability of block devices...
[[0;32m  OK  [0m] Closed Load/Save RF Kill Switch Status /dev/rfkill Watch.
[[0;32m  OK  [0m] Stopped Execute cloud user/final scripts.
[[0;32m  OK  [0m] Stopped Apply the settings specified in cloud-config.
[[0;32m  OK  [0m] Stopped target Cloud-config availability.
[[0;32m  OK  [0m] Stopped target Network is Online.
[[0;32m  OK  [0m] Stopped target Multi-User System.
         Stopping LSB: Record successful boot for GRUB...
         Stopping LXD - container startup/shutdown...
         Stopping Dispatcher daemon for systemd-networkd...
         Stopping LSB: automatic crash report generation...
         Stopping FUSE filesystem for LXC...
         Stopping D-Bus System Message Bus...
         Stopping OpenBSD Secure Shell server...
         Stopping System Logging Service...
[[0;32m  OK  [0m] Stopped Wait until snapd is fully seeded.
         Stopping Regular background program processing daemon...
         Stopping irqbalance daemon...
         Stopping Unattended Upgrades Shutdown...
[[0;32m  OK  [0m] Stopped target Login Prompts.
         Stopping Getty on tty1...
         Stopping Serial Getty on ttyS0...
         Stopping Deferred execution scheduler...
         Stopping vboxadd-service.service...
[[0;32m  OK  [0m] Unmounted /var/lib/lxcfs.
[[0;32m  OK  [0m] Stopped irqbalance daemon.
[[0;32m  OK  [0m] Stopped Dispatcher daemon for systemd-networkd.
[[0;32m  OK  [0m] Stopped Accounts Service.
[[0;32m  OK  [0m] Stopped System Logging Service.
[[0;32m  OK  [0m] Stopped Deferred execution scheduler.
[[0;32m  OK  [0m] Stopped Regular background program processing daemon.
[[0;32m  OK  [0m] Stopped Unattended Upgrades Shutdown.
[[0;32m  OK  [0m] Stopped Serial Getty on ttyS0.
[[0;32m  OK  [0m] Stopped Getty on tty1.
[[0;32m  OK  [0m] Stopped Authorization Manager.
[[0;32m  OK  [0m] Stopped OpenBSD Secure Shell server.
[[0;32m  OK  [0m] Stopped User Manager for UID 1000.
[[0;32m  OK  [0m] Stopped Availability of block devices.
[[0;32m  OK  [0m] Stopped D-Bus System Message Bus.
[[0;32m  OK  [0m] Stopped vboxadd-service.service.
[[0;32m  OK  [0m] Stopped FUSE filesystem for LXC.
[[0;32m  OK  [0m] Stopped Session 9 of user vagrant.
         Stopping vboxadd.service...
[[0;32m  OK  [0m] Removed slice User Slice of vagrant.
[[0;32m  OK  [0m] Removed slice system-getty.slice.
[[0;32m  OK  [0m] Removed slice system-serial\x2dgetty.slice.
         Stopping Permit User Sessions...
         Stopping Login Service...
[[0;32m  OK  [0m] Stopped LXD - container startup/shutdown.
[[0;32m  OK  [0m] Stopped LSB: automatic crash report generation.
[[0;32m  OK  [0m] Stopped Permit User Sessions.
[[0;32m  OK  [0m] Stopped target Network.
         Stopping Network Name Resolution...
[[0;32m  OK  [0m] Stopped target Remote File Systems.
[[0;32m  OK  [0m] Stopped target Remote File Systems (Pre).
[[0;32m  OK  [0m] Stopped LSB: Record successful boot for GRUB.
[[0;32m  OK  [0m] Stopped Network Name Resolution.
[[0;32m  OK  [0m] Stopped Login Service.
[[0;32m  OK  [0m] Stopped target User and Group Name Lookups.
[[0;32m  OK  [0m] Unmounted /srv/www/portal.
[[0;32m  OK  [0m] Unmounted /vagrant.
[[0;32m  OK  [0m] Stopped vboxadd.service.
[[0;32m  OK  [0m] Stopped target Basic System.
[[0;32m  OK  [0m] Stopped target Slices.
[[0;32m  OK  [0m] Removed slice User and Session Slice.
[[0;32m  OK  [0m] Stopped target Sockets.
[[0;32m  OK  [0m] Closed Syslog Socket.
[[0;32m  OK  [0m] Closed LXD - unix socket.
[[0;32m  OK  [0m] Closed ACPID Listen Socket.
[[0;32m  OK  [0m] Closed D-Bus System Message Bus Socket.
[[0;32m  OK  [0m] Closed Socket activation for snappy daemon.
[[0;32m  OK  [0m] Closed UUID daemon activation socket.
[[0;32m  OK  [0m] Closed Open-iSCSI iscsid Socket.
[[0;32m  OK  [0m] Stopped target Paths.
[[0;32m  OK  [0m] Stopped ACPI Events Check.
[[0;32m  OK  [0m] Stopped target System Initialization.
[[0;32m  OK  [0m] Stopped Initial cloud-init job (metadata service crawler).
[[0;32m  OK  [0m] Stopped Wait for Network to be Configured.
         Stopping Network Service...
[[0;32m  OK  [0m] Stopped target Local Encrypted Volumes.
[[0;32m  OK  [0m] Stopped Forward Password Requests to Wall Directory Watch.
[[0;32m  OK  [0m] Stopped Dispatch Password Requests to Console Directory Watch.
         Stopping Update UTMP about System Boot/Shutdown...
[[0;32m  OK  [0m] Stopped Commit a transient machine-id on disk.
         Stopping Load/Save Random Seed...
[[0;32m  OK  [0m] Stopped Network Service.
[[0;32m  OK  [0m] Stopped Apply Kernel Variables.
[[0;32m  OK  [0m] Stopped Load Kernel Modules.
[[0;32m  OK  [0m] Stopped target Network (Pre).
[[0;32m  OK  [0m] Stopped Initial cloud-init job (pre-networking).
[[0;32m  OK  [0m] Stopped Update UTMP about System Boot/Shutdown.
[[0;32m  OK  [0m] Stopped Load/Save Random Seed.
[[0;32m  OK  [0m] Stopped Create Volatile Files and Directories.
[[0;32m  OK  [0m] Stopped target Local File Systems.
         Unmounting /run/user/1000...
[[0;32m  OK  [0m] Unmounted /run/user/1000.
[[0;32m  OK  [0m] Reached target Unmount All Filesystems.
[[0;32m  OK  [0m] Stopped target Local File Systems (Pre).
[[0;32m  OK  [0m] Stopped Create Static Device Nodes in /dev.
[[0;32m  OK  [0m] Stopped Remount Root and Kernel File Systems.
         Stopping Monitoring of LVM2 mirrorsâ€¦ng dmeventd or progress polling...
[[0;32m  OK  [0m] Stopped target Swap.
[[0;32m  OK  [0m] Reached target Shutdown.
[[0;32m  OK  [0m] Reached target Final Step.
         Starting Power-Off...
[  394.742927] reboot: Power down
